Archive member included to satisfy reference by file (symbol)

c:/program files/microchip/xc8/v2.20/avr/bin/../lib/gcc/avr/5.4.0/avr5/memx-const\libgcc.a(_exit.o)
                              C:/Program Files (x86)/Microchip/MPLABX/v5.40/packs/Microchip/ATmega_DFP/2.2.108/xc8/avr/lib/avr5/memx-const/crtatmega16.o (exit)

Discarded input sections

 .data          0x0000000000000000        0x0 C:/Program Files (x86)/Microchip/MPLABX/v5.40/packs/Microchip/ATmega_DFP/2.2.108/xc8/avr/lib/avr5/memx-const/crtatmega16.o
 .bss           0x0000000000000000        0x0 C:/Program Files (x86)/Microchip/MPLABX/v5.40/packs/Microchip/ATmega_DFP/2.2.108/xc8/avr/lib/avr5/memx-const/crtatmega16.o
 .text          0x0000000000000000        0x0 build/default/production/External_EEPROM.o
 .data          0x0000000000000000        0x0 build/default/production/External_EEPROM.o
 .bss           0x0000000000000000        0x0 build/default/production/External_EEPROM.o
 .text          0x0000000000000000        0x0 build/default/production/External_EEPROM_I2C.o
 .data          0x0000000000000000        0x0 build/default/production/External_EEPROM_I2C.o
 .bss           0x0000000000000000        0x0 build/default/production/External_EEPROM_I2C.o
 .text          0x0000000000000000        0x0 build/default/production/i2c.o
 .data          0x0000000000000000        0x0 build/default/production/i2c.o
 .bss           0x0000000000000000        0x0 build/default/production/i2c.o
 .text.TWI_Read_With_ACK
                0x0000000000000000        0xe build/default/production/i2c.o
 .text          0x0000000000000000        0x0 c:/program files/microchip/xc8/v2.20/avr/bin/../lib/gcc/avr/5.4.0/avr5/memx-const\libgcc.a(_exit.o)
 .data          0x0000000000000000        0x0 c:/program files/microchip/xc8/v2.20/avr/bin/../lib/gcc/avr/5.4.0/avr5/memx-const\libgcc.a(_exit.o)
 .bss           0x0000000000000000        0x0 c:/program files/microchip/xc8/v2.20/avr/bin/../lib/gcc/avr/5.4.0/avr5/memx-const\libgcc.a(_exit.o)
 .text.libgcc.mul
                0x0000000000000000        0x0 c:/program files/microchip/xc8/v2.20/avr/bin/../lib/gcc/avr/5.4.0/avr5/memx-const\libgcc.a(_exit.o)
 .text.libgcc.div
                0x0000000000000000        0x0 c:/program files/microchip/xc8/v2.20/avr/bin/../lib/gcc/avr/5.4.0/avr5/memx-const\libgcc.a(_exit.o)
 .text.libgcc   0x0000000000000000        0x0 c:/program files/microchip/xc8/v2.20/avr/bin/../lib/gcc/avr/5.4.0/avr5/memx-const\libgcc.a(_exit.o)
 .text.libgcc.prologue
                0x0000000000000000        0x0 c:/program files/microchip/xc8/v2.20/avr/bin/../lib/gcc/avr/5.4.0/avr5/memx-const\libgcc.a(_exit.o)
 .text.libgcc.builtins
                0x0000000000000000        0x0 c:/program files/microchip/xc8/v2.20/avr/bin/../lib/gcc/avr/5.4.0/avr5/memx-const\libgcc.a(_exit.o)
 .text.libgcc.fmul
                0x0000000000000000        0x0 c:/program files/microchip/xc8/v2.20/avr/bin/../lib/gcc/avr/5.4.0/avr5/memx-const\libgcc.a(_exit.o)
 .text.libgcc.fixed
                0x0000000000000000        0x0 c:/program files/microchip/xc8/v2.20/avr/bin/../lib/gcc/avr/5.4.0/avr5/memx-const\libgcc.a(_exit.o)

Memory Configuration

Name             Origin             Length             Attributes
text             0x0000000000000000 0x0000000000004000 xr
data             0x0000000000800060 0x0000000000000400 rw !x
eeprom           0x0000000000810000 0x0000000000000200 rw !x
fuse             0x0000000000820000 0x0000000000000002 rw !x
lock             0x0000000000830000 0x0000000000000400 rw !x
signature        0x0000000000840000 0x0000000000000400 rw !x
user_signatures  0x0000000000850000 0x0000000000000400 rw !x
*default*        0x0000000000000000 0xffffffffffffffff

Linker script and memory map

LOAD C:/Program Files (x86)/Microchip/MPLABX/v5.40/packs/Microchip/ATmega_DFP/2.2.108/xc8/avr/lib/avr5/memx-const/crtatmega16.o
                0x0000000000000001                __MPLAB_BUILD = 0x1
LOAD build/default/production/External_EEPROM.o
LOAD build/default/production/External_EEPROM_I2C.o
LOAD build/default/production/i2c.o
START GROUP
LOAD c:/program files/microchip/xc8/v2.20/avr/bin/../lib/gcc/avr/5.4.0/../../../../avr/lib/avr5/memx-const\libm.a
END GROUP
START GROUP
LOAD c:/program files/microchip/xc8/v2.20/avr/bin/../lib/gcc/avr/5.4.0/avr5/memx-const\libgcc.a
LOAD c:/program files/microchip/xc8/v2.20/avr/bin/../lib/gcc/avr/5.4.0/../../../../avr/lib/avr5/memx-const\libm.a
LOAD c:/program files/microchip/xc8/v2.20/avr/bin/../lib/gcc/avr/5.4.0/../../../../avr/lib/avr5/memx-const\libc.a
LOAD C:/Program Files (x86)/Microchip/MPLABX/v5.40/packs/Microchip/ATmega_DFP/2.2.108/xc8/avr/lib/avr5/memx-const\libatmega16.a
END GROUP
                0x0000000000000000                __TEXT_REGION_ORIGIN__ = DEFINED (__TEXT_REGION_ORIGIN__)?__TEXT_REGION_ORIGIN__:0x0
                [0x0000000000800060]                __DATA_REGION_ORIGIN__ = DEFINED (__DATA_REGION_ORIGIN__)?__DATA_REGION_ORIGIN__:0x800060
                [0x0000000000004000]                __TEXT_REGION_LENGTH__ = DEFINED (__TEXT_REGION_LENGTH__)?__TEXT_REGION_LENGTH__:0x20000
                [0x0000000000000400]                __DATA_REGION_LENGTH__ = DEFINED (__DATA_REGION_LENGTH__)?__DATA_REGION_LENGTH__:0xffa0
                [0x0000000000000200]                __EEPROM_REGION_LENGTH__ = DEFINED (__EEPROM_REGION_LENGTH__)?__EEPROM_REGION_LENGTH__:0x10000
                [0x0000000000000002]                __FUSE_REGION_LENGTH__ = DEFINED (__FUSE_REGION_LENGTH__)?__FUSE_REGION_LENGTH__:0x400
                0x0000000000000400                __LOCK_REGION_LENGTH__ = DEFINED (__LOCK_REGION_LENGTH__)?__LOCK_REGION_LENGTH__:0x400
                0x0000000000000400                __SIGNATURE_REGION_LENGTH__ = DEFINED (__SIGNATURE_REGION_LENGTH__)?__SIGNATURE_REGION_LENGTH__:0x400
                0x0000000000000400                __USER_SIGNATURE_REGION_LENGTH__ = DEFINED (__USER_SIGNATURE_REGION_LENGTH__)?__USER_SIGNATURE_REGION_LENGTH__:0x400

.hash
 *(.hash)

.dynsym
 *(.dynsym)

.dynstr
 *(.dynstr)

.gnu.version
 *(.gnu.version)

.gnu.version_d
 *(.gnu.version_d)

.gnu.version_r
 *(.gnu.version_r)

.rel.init
 *(.rel.init)

.rela.init
 *(.rela.init)

.rel.text
 *(.rel.text)
 *(.rel.text.*)
 *(.rel.gnu.linkonce.t*)

.rela.text
 *(.rela.text)
 *(.rela.text.*)
 *(.rela.gnu.linkonce.t*)

.rel.fini
 *(.rel.fini)

.rela.fini
 *(.rela.fini)

.rel.rodata
 *(.rel.rodata)
 *(.rel.rodata.*)
 *(.rel.gnu.linkonce.r*)

.rela.rodata
 *(.rela.rodata)
 *(.rela.rodata.*)
 *(.rela.gnu.linkonce.r*)

.rel.data
 *(.rel.data)
 *(.rel.data.*)
 *(.rel.gnu.linkonce.d*)

.rela.data
 *(.rela.data)
 *(.rela.data.*)
 *(.rela.gnu.linkonce.d*)

.rel.ctors
 *(.rel.ctors)

.rela.ctors
 *(.rela.ctors)

.rel.dtors
 *(.rel.dtors)

.rela.dtors
 *(.rela.dtors)

.rel.got
 *(.rel.got)

.rela.got
 *(.rela.got)

.rel.bss
 *(.rel.bss)

.rela.bss
 *(.rela.bss)

.rel.plt
 *(.rel.plt)

.rela.plt
 *(.rela.plt)

.text           0x0000000000000000       0x6c
 *(.vectors)
 .vectors       0x0000000000000000       0x54 C:/Program Files (x86)/Microchip/MPLABX/v5.40/packs/Microchip/ATmega_DFP/2.2.108/xc8/avr/lib/avr5/memx-const/crtatmega16.o
                0x0000000000000000                __vector_default
                0x0000000000000000                __vectors
 *(.vectors)
 *(.progmem.gcc*)
 *(.dinit)
 .dinit         0x0000000000000054        0x0 data_init
                0x0000000000000054                . = ALIGN (0x2)
                0x0000000000000054                __trampolines_start = .
 *(.trampolines)
 .trampolines   0x0000000000000054        0x0 linker stubs
 *(.trampolines*)
                0x0000000000000054                __trampolines_end = .
 *libprintf_flt.a:*(.progmem.data)
 *libc.a:*(.progmem.data)
                0x0000000000000054                . = ALIGN (0x2)
 *(.jumptables)
 *(.jumptables*)
 *(.lowtext)
 *(.lowtext*)
                0x0000000000000054                __ctors_start = .
 *(.ctors)
                0x0000000000000054                __ctors_end = .
                0x0000000000000054                __dtors_start = .
 *(.dtors)
                0x0000000000000054                __dtors_end = .
 SORT(*)(.ctors)
 SORT(*)(.dtors)
 *(.init0)
 .init0         0x0000000000000054        0x0 C:/Program Files (x86)/Microchip/MPLABX/v5.40/packs/Microchip/ATmega_DFP/2.2.108/xc8/avr/lib/avr5/memx-const/crtatmega16.o
                0x0000000000000054                __init
 *(.init0)
 *(.init1)
 *(.init1)
 *(.init2)
 .init2         0x0000000000000054        0xc C:/Program Files (x86)/Microchip/MPLABX/v5.40/packs/Microchip/ATmega_DFP/2.2.108/xc8/avr/lib/avr5/memx-const/crtatmega16.o
 *(.init2)
 *(.init3)
 *(.init3)
 *(.init4)
 *(.init4)
 *(.init5)
 *(.init5)
 *(.init6)
 *(.init6)
 *(.init7)
 *(.init7)
 *(.init8)
 *(.init8)
 *(.init9)
 .init9         0x0000000000000060        0x8 C:/Program Files (x86)/Microchip/MPLABX/v5.40/packs/Microchip/ATmega_DFP/2.2.108/xc8/avr/lib/avr5/memx-const/crtatmega16.o
 *(.init9)
                0x0000000000000068                . = ALIGN (0x2)
 *(.fini9)
 .fini9         0x0000000000000068        0x0 c:/program files/microchip/xc8/v2.20/avr/bin/../lib/gcc/avr/5.4.0/avr5/memx-const\libgcc.a(_exit.o)
                0x0000000000000068                _exit
                0x0000000000000068                exit
 *(.fini9)
 *(.fini8)
 *(.fini8)
 *(.fini7)
 *(.fini7)
 *(.fini6)
 *(.fini6)
 *(.fini5)
 *(.fini5)
 *(.fini4)
 *(.fini4)
 *(.fini3)
 *(.fini3)
 *(.fini2)
 *(.fini2)
 *(.fini1)
 *(.fini1)
 *(.fini0)
 .fini0         0x0000000000000068        0x4 c:/program files/microchip/xc8/v2.20/avr/bin/../lib/gcc/avr/5.4.0/avr5/memx-const\libgcc.a(_exit.o)
 *(.fini0)
                0x000000000000006c                _etext = .

.data           0x0000000000800060        0x0 load address 0x000000000000006c
                [!provide]                        PROVIDE (__data_start, .)
 *(.gnu.linkonce.d*)
 *(.gnu.linkonce.r*)
                0x0000000000800060                . = ALIGN (0x2)
                0x0000000000800060                _edata = .
                [!provide]                        PROVIDE (__data_end, .)

.bss            0x0000000000800060        0x0
                [!provide]                        PROVIDE (__bss_start, .)
 *(COMMON)
                [!provide]                        PROVIDE (__bss_end, .)
                0x000000000000006c                __data_load_start = LOADADDR (.data)
                0x000000000000006c                __data_load_end = (__data_load_start + SIZEOF (.data))

.noinit         0x0000000000800060        0x0
                [!provide]                        PROVIDE (__noinit_start, .)
 *(.noinit*)
                [!provide]                        PROVIDE (__noinit_end, .)
                0x0000000000800060                _end = .

.eeprom         0x0000000000810000        0x0
 *(.eeprom*)
                0x0000000000810000                __eeprom_end = .

.fuse
 *(.fuse)
 *(.lfuse)
 *(.hfuse)
 *(.efuse)

.lock
 *(.lock*)

.signature
 *(.signature*)

.user_signatures
 *(.user_signatures*)

.stab
 *(.stab)

.stabstr
 *(.stabstr)

.stab.excl
 *(.stab.excl)

.stab.exclstr
 *(.stab.exclstr)

.stab.index
 *(.stab.index)

.stab.indexstr
 *(.stab.indexstr)

.comment        0x0000000000000000       0x2f
 *(.comment)
 .comment       0x0000000000000000       0x2f build/default/production/External_EEPROM.o
                                         0x30 (size before relaxing)
 .comment       0x000000000000002f       0x30 build/default/production/External_EEPROM_I2C.o
 .comment       0x000000000000002f       0x30 build/default/production/i2c.o

.note.gnu.build-id
 *(.note.gnu.build-id)

.debug
 *(.debug)

.line
 *(.line)

.debug_srcinfo
 *(.debug_srcinfo)

.debug_sfnames
 *(.debug_sfnames)

.debug_aranges  0x0000000000000000       0xa0
 *(.debug_aranges)
 .debug_aranges
                0x0000000000000000       0x30 build/default/production/External_EEPROM.o
 .debug_aranges
                0x0000000000000030       0x20 build/default/production/External_EEPROM_I2C.o
 .debug_aranges
                0x0000000000000050       0x50 build/default/production/i2c.o

.debug_pubnames
 *(.debug_pubnames)

.debug_info     0x0000000000000000     0x1104
 *(.debug_info .gnu.linkonce.wi.*)
 .debug_info    0x0000000000000000      0x52e C:/Program Files (x86)/Microchip/MPLABX/v5.40/packs/Microchip/ATmega_DFP/2.2.108/xc8/avr/lib/avr5/memx-const/crtatmega16.o
 .debug_info    0x000000000000052e      0x49a build/default/production/External_EEPROM.o
 .debug_info    0x00000000000009c8      0x3cf build/default/production/External_EEPROM_I2C.o
 .debug_info    0x0000000000000d97      0x36d build/default/production/i2c.o

.debug_abbrev   0x0000000000000000      0x750
 *(.debug_abbrev)
 .debug_abbrev  0x0000000000000000      0x4e7 C:/Program Files (x86)/Microchip/MPLABX/v5.40/packs/Microchip/ATmega_DFP/2.2.108/xc8/avr/lib/avr5/memx-const/crtatmega16.o
 .debug_abbrev  0x00000000000004e7       0xb2 build/default/production/External_EEPROM.o
 .debug_abbrev  0x0000000000000599      0x105 build/default/production/External_EEPROM_I2C.o
 .debug_abbrev  0x000000000000069e       0xb2 build/default/production/i2c.o

.debug_line     0x0000000000000000      0x50e
 *(.debug_line .debug_line.* .debug_line_end)
 .debug_line    0x0000000000000000      0x119 C:/Program Files (x86)/Microchip/MPLABX/v5.40/packs/Microchip/ATmega_DFP/2.2.108/xc8/avr/lib/avr5/memx-const/crtatmega16.o
 .debug_line    0x0000000000000119      0x155 build/default/production/External_EEPROM.o
 .debug_line    0x000000000000026e      0x127 build/default/production/External_EEPROM_I2C.o
 .debug_line    0x0000000000000395      0x179 build/default/production/i2c.o

.debug_frame    0x0000000000000000      0x12c
 *(.debug_frame)
 .debug_frame   0x0000000000000000       0x74 build/default/production/External_EEPROM.o
 .debug_frame   0x0000000000000074       0x34 build/default/production/External_EEPROM_I2C.o
 .debug_frame   0x00000000000000a8       0x84 build/default/production/i2c.o

.debug_str      0x0000000000000000      0x226
 *(.debug_str)
 .debug_str     0x0000000000000000      0x1af C:/Program Files (x86)/Microchip/MPLABX/v5.40/packs/Microchip/ATmega_DFP/2.2.108/xc8/avr/lib/avr5/memx-const/crtatmega16.o
 .debug_str     0x00000000000001af       0x48 build/default/production/External_EEPROM.o
 .debug_str     0x00000000000001f7       0x2f build/default/production/External_EEPROM_I2C.o
 .debug_str     0x0000000000000226        0x0 build/default/production/i2c.o

.debug_loc      0x0000000000000000      0x166
 *(.debug_loc)
 .debug_loc     0x0000000000000000       0xce build/default/production/External_EEPROM.o
 .debug_loc     0x00000000000000ce       0x48 build/default/production/External_EEPROM_I2C.o
 .debug_loc     0x0000000000000116       0x50 build/default/production/i2c.o

.debug_macinfo
 *(.debug_macinfo)

.debug_weaknames
 *(.debug_weaknames)

.debug_funcnames
 *(.debug_funcnames)

.debug_typenames
 *(.debug_typenames)

.debug_varnames
 *(.debug_varnames)

.debug_pubtypes
 *(.debug_pubtypes)

.debug_ranges   0x0000000000000000       0x70
 *(.debug_ranges)
 .debug_ranges  0x0000000000000000       0x20 build/default/production/External_EEPROM.o
 .debug_ranges  0x0000000000000020       0x10 build/default/production/External_EEPROM_I2C.o
 .debug_ranges  0x0000000000000030       0x40 build/default/production/i2c.o

.debug_macro
 *(.debug_macro)
OUTPUT(dist/default/production/EEPROM_I2C.X.production.elf elf32-avr)
LOAD linker stubs
LOAD data_init

.note.gnu.avr.deviceinfo
                0x0000000000000000       0x3c
 .note.gnu.avr.deviceinfo
                0x0000000000000000       0x3c C:/Program Files (x86)/Microchip/MPLABX/v5.40/packs/Microchip/ATmega_DFP/2.2.108/xc8/avr/lib/avr5/memx-const/crtatmega16.o

.text.EEPROM_Read_Byte
                0x000000000000006c       0xa4
 .text.EEPROM_Read_Byte
                0x000000000000006c       0xa4 build/default/production/External_EEPROM.o
                0x000000000000006c                EEPROM_Read_Byte

.text.EEPROM_Write_Byte
                0x0000000000000110       0x6e
 .text.EEPROM_Write_Byte
                0x0000000000000110       0x6e build/default/production/External_EEPROM.o
                0x0000000000000110                EEPROM_Write_Byte

.text.main      0x000000000000017e       0x40
 .text.main     0x000000000000017e       0x40 build/default/production/External_EEPROM_I2C.o
                0x000000000000017e                main

.text.TWI_Init  0x00000000000001be        0xe
 .text.TWI_Init
                0x00000000000001be        0xe build/default/production/i2c.o
                0x00000000000001be                TWI_Init

.text.TWI_Write
                0x00000000000001cc        0xe
 .text.TWI_Write
                0x00000000000001cc        0xe build/default/production/i2c.o
                0x00000000000001cc                TWI_Write

.text.TWI_Read_With_NACK
                0x00000000000001da        0xe
 .text.TWI_Read_With_NACK
                0x00000000000001da        0xe build/default/production/i2c.o
                0x00000000000001da                TWI_Read_With_NACK

.text.TWI_Start
                0x00000000000001e8        0xc
 .text.TWI_Start
                0x00000000000001e8        0xc build/default/production/i2c.o
                0x00000000000001e8                TWI_Start

.text.EEPROM_Init
                0x00000000000001f4        0x6
 .text.EEPROM_Init
                0x00000000000001f4        0x6 build/default/production/External_EEPROM.o
                0x00000000000001f4                EEPROM_Init

.text.TWI_Stop  0x00000000000001fa        0x6
 .text.TWI_Stop
                0x00000000000001fa        0x6 build/default/production/i2c.o
                0x00000000000001fa                TWI_Stop

.text.TWI_Get_Status
                0x0000000000000200        0x6
 .text.TWI_Get_Status
                0x0000000000000200        0x6 build/default/production/i2c.o
                0x0000000000000200                TWI_Get_Status

.text           0x0000000000000206        0x4
 .text          0x0000000000000206        0x4 C:/Program Files (x86)/Microchip/MPLABX/v5.40/packs/Microchip/ATmega_DFP/2.2.108/xc8/avr/lib/avr5/memx-const/crtatmega16.o
                0x0000000000000206                __vector_1
                0x0000000000000206                __vector_12
                0x0000000000000206                __bad_interrupt
                0x0000000000000206                __vector_6
                0x0000000000000206                __vector_3
                0x0000000000000206                __vector_11
                0x0000000000000206                __vector_13
                0x0000000000000206                __vector_17
                0x0000000000000206                __vector_19
                0x0000000000000206                __vector_7
                0x0000000000000206                __vector_5
                0x0000000000000206                __vector_4
                0x0000000000000206                __vector_9
                0x0000000000000206                __vector_2
                0x0000000000000206                __vector_15
                0x0000000000000206                __vector_8
                0x0000000000000206                __vector_14
                0x0000000000000206                __vector_10
                0x0000000000000206                __vector_16
                0x0000000000000206                __vector_18
                0x0000000000000206                __vector_20
